0: 0
1: 0
2: 0
3: 602
4: 0
5: 602
6: 603
7: 1204
8: 0
9: 300
10: 302
11: 1205